
*** src/config.rs:286:9: replace Credentials::entry -> Result<Entry> with Ok(Default::default())

*** mutation diff:
--- src/config.rs
+++ replace Credentials::entry -> Result<Entry> with Ok(Default::default())
@@ -278,19 +278,17 @@
     }
 }
 
 /// OS keyring access for API keys.
 pub struct Credentials;
 
 impl Credentials {
     fn entry(service: &str) -> Result<Entry> {
-        let namespaced = format!("{KEYRING_PREFIX}:{service}");
-        Entry::new(&namespaced, DEFAULT_KEYRING_USER)
-            .with_context(|| format!("failed to open keyring entry for {service}"))
+        Ok(Default::default()) /* ~ changed by cargo-mutants ~ */
     }
 
     pub fn get(service: &str) -> Result<Option<SecretString>> {
         match Self::entry(service)?.get_password() {
             Ok(secret) => Ok(Some(SecretString::from(secret))),
             Err(keyring::Error::NoEntry) => Ok(None),
             Err(e) => Err(anyhow!(
                 "failed to read {service} credential from keyring: {e}"


*** /home/main/.rustup/toolchains/stable-x86_64-unknown-linux-gnu/bin/cargo test --no-run --verbose --package=simon@0.1.0
       Fresh unicode-ident v1.0.24
       Fresh proc-macro2 v1.0.107
       Fresh quote v1.0.47
       Fresh cfg-if v1.0.4
       Fresh syn v3.0.3
       Fresh pin-project-lite v0.2.17
       Fresh futures-core v0.3.33
       Fresh version_check v0.9.5
       Fresh typenum v1.20.1
       Fresh equivalent v1.0.2
       Fresh bitflags v2.13.1
       Fresh futures-io v0.3.33
       Fresh synstructure v0.13.2
       Fresh subtle v2.6.1
       Fresh autocfg v1.5.1
       Fresh log v0.4.33
       Fresh libc v0.2.189
       Fresh zerofrom-derive v0.1.7
       Fresh serde_derive v1.0.229
       Fresh slab v0.4.12
       Fresh itoa v1.0.18
       Fresh yoke-derive v0.8.2
       Fresh getrandom v0.2.17
       Fresh generic-array v0.14.7
       Fresh errno v0.3.14
       Fresh serde_core v1.0.229
       Fresh zerofrom v0.1.8
       Fresh smallvec v1.15.2
       Fresh winnow v1.0.4
       Fresh stable_deref_trait v1.2.1
       Fresh parking v2.2.1
       Fresh rand_core v0.6.4
       Fresh signal-hook-registry v1.4.8
       Fresh serde v1.0.229
       Fresh yoke v0.8.3
       Fresh mio v1.2.2
       Fresh zerovec-derive v0.11.3
       Fresh linux-raw-sys v0.12.1
       Fresh crypto-common v0.1.7
       Fresh futures-sink v0.3.33
       Fresh zerovec v0.11.6
       Fresh toml_parser v1.1.3+spec-1.1.0
       Fresh displaydoc v0.2.7
       Fresh once_cell v1.21.4
       Fresh indexmap v2.14.0
       Fresh futures-channel v0.3.33
       Fresh rustix v1.1.4
       Fresh toml_datetime v1.1.1+spec-1.1.0
       Fresh fastrand v2.5.0
       Fresh memchr v2.8.3
       Fresh crossbeam-utils v0.8.22
       Fresh futures-macro v0.3.33
       Fresh toml_edit v0.25.13+spec-1.1.0
       Fresh futures-task v0.3.33
       Fresh bytes v1.12.1
       Fresh concurrent-queue v2.5.0
       Fresh event-listener v5.4.2
       Fresh enumflags2_derive v0.7.12
       Fresh atomic-waker v1.1.2
       Fresh futures-util v0.3.33
       Fresh proc-macro-crate v3.5.0
       Fresh shlex v2.0.1
       Fresh strsim v0.11.1
       Fresh find-msvc-tools v0.1.9
       Fresh unicode-segmentation v1.13.3
       Fresh num-traits v0.2.19
       Fresh event-listener-strategy v0.5.4
       Fresh enumflags2 v0.7.12
       Fresh cc v1.4.0
       Fresh zvariant_derive v5.13.1
       Fresh futures-lite v2.6.1
       Fresh tinystr v0.8.3
       Fresh block-padding v0.3.3
       Fresh block-buffer v0.10.4
       Fresh allocator-api2 v0.2.21
       Fresh cpufeatures v0.2.17
       Fresh litemap v0.8.2
       Fresh foldhash v0.2.0
       Fresh endi v1.1.1
       Fresh heck v0.5.0
       Fresh writeable v0.6.3
       Fresh inout v0.1.4
       Fresh digest v0.10.7
       Fresh zerotrie v0.2.4
       Fresh icu_locale_core v2.2.0
       Fresh potential_utf v0.1.5
       Fresh tracing-core v0.1.36
       Fresh socket2 v0.6.5
       Fresh tokio-macros v2.7.1
       Fresh tracing-attributes v0.1.31
       Fresh utf8_iter v1.0.4
       Fresh ryu v1.0.23
       Fresh ident_case v1.0.1
       Fresh zeroize v1.9.0
       Fresh icu_collections v2.2.0
       Fresh tracing v0.1.44
       Fresh darling_core v0.23.0
       Fresh tokio v1.53.1
       Fresh icu_provider v2.2.0
       Fresh rustversion v1.0.23
       Fresh cipher v0.4.4
       Fresh num-integer v0.1.46
       Fresh http v1.4.2
       Fresh polling v3.11.0
       Fresh thiserror-impl v2.0.19
       Fresh syn v2.0.119
       Fresh either v1.17.0
       Fresh async-task v4.7.1
       Fresh percent-encoding v2.3.2
       Fresh itertools v0.14.0
       Fresh async-io v2.6.0
       Fresh http-body v1.1.0
       Fresh thiserror v2.0.19
       Fresh zvariant_utils v3.5.0
       Fresh icu_properties_data v2.2.0
       Fresh darling_macro v0.23.0
       Fresh icu_normalizer_data v2.2.0
       Fresh castaway v0.2.4
       Fresh rustls-pki-types v1.15.1
       Fresh strum_macros v0.28.0
       Fresh hashbrown v0.17.1
       Fresh hashbrown v0.16.1
       Fresh async-channel v2.5.0
       Fresh untrusted v0.9.0
       Fresh scopeguard v1.2.0
       Fresh unicode-width v0.2.0
       Fresh static_assertions v1.1.0
       Fresh signal-hook v0.3.18
       Fresh kasuari v0.4.12
       Fresh unicode-truncate v2.0.1
       Fresh compact_str v0.9.1
       Fresh ring v0.17.14
       Fresh lock_api v0.4.14
       Fresh lru v0.18.2
       Fresh icu_normalizer v2.2.0
       Fresh strum v0.28.0
       Fresh icu_properties v2.2.0
       Fresh async-signal v0.2.14
       Fresh zvariant v5.13.1
       Fresh parking_lot_core v0.9.12
       Fresh darling v0.23.0
       Fresh num-bigint v0.4.8
       Fresh async-lock v3.4.2
       Fresh convert_case v0.10.0
       Fresh piper v0.2.5
       Fresh tower-service v0.3.3
       Fresh indoc v2.0.7
       Fresh critical-section v1.2.0
       Fresh try-lock v0.2.5
       Fresh zbus_names v4.3.4
       Fresh idna_adapter v1.2.2
       Fresh async-process v2.5.0
       Fresh parking_lot v0.12.5
       Fresh ratatui-core v0.1.2
       Fresh instability v0.3.12
       Fresh want v0.3.1
       Fresh num-rational v0.4.2
       Fresh derive_more-impl v2.1.1
       Fresh blocking v1.6.2
       Fresh httparse v1.10.1
       Fresh rustls-webpki v0.103.13
       Fresh signal-hook-mio v0.2.5
       Fresh zbus_macros v5.18.0
       Fresh async-executor v1.14.0
       Fresh num-iter v0.1.46
       Fresh form_urlencoded v1.2.2
       Fresh aes v0.8.4
       Fresh hmac v0.12.1
       Fresh num-complex v0.4.6
       Fresh async-broadcast v0.7.2
       Fresh uuid v1.24.0
       Fresh serde_repr v0.1.21
       Fresh ordered-stream v0.2.0
       Fresh async-trait v0.1.91
       Fresh async-recursion v1.1.1
       Fresh time-core v0.1.9
       Fresh num-conv v0.2.2
       Fresh num_threads v0.1.7
       Fresh litrs v1.0.0
       Fresh powerfmt v0.2.0
       Fresh utf8parse v0.2.2
       Fresh hex v0.4.3
       Fresh deranged v0.5.8
       Fresh hkdf v0.12.4
       Fresh num v0.4.3
       Fresh derive_more v2.1.1
       Fresh time v0.3.54
       Fresh zbus v5.18.0
       Fresh document-features v0.2.12
       Fresh anstyle-parse v1.0.0
       Fresh rustls v0.23.42
       Fresh hyper v1.11.0
       Fresh idna v1.1.0
       Fresh cbc v0.1.2
       Fresh sha2 v0.10.9
       Fresh universal-hash v0.5.1
       Fresh sync_wrapper v1.0.2
       Fresh line-clipping v0.3.7
       Fresh colorchoice v1.0.5
       Fresh opaque-debug v0.3.1
       Fresh base64 v0.22.1
       Fresh is_terminal_polyfill v1.70.2
       Fresh anstyle-query v1.1.5
       Fresh tower-layer v0.3.3
       Fresh ipnet v2.12.0
       Fresh anstyle v1.0.14
       Fresh ratatui-widgets v0.3.2
       Fresh polyval v0.6.2
       Fresh tower v0.5.3
       Fresh anstream v1.0.0
       Fresh hyper-util v0.1.20
       Fresh tokio-rustls v0.26.4
       Fresh crossterm v0.29.0
       Fresh secret-service v5.1.0
       Fresh url v2.5.8
       Fresh zmij v1.0.23
       Fresh webpki-roots v1.0.9
       Fresh keyring-core v1.0.0
       Fresh base64ct v1.8.3
       Fresh linux-raw-sys v0.4.15
       Fresh clap_lex v1.1.0
       Fresh option-ext v0.2.0
       Fresh serde_json v1.0.151
       Fresh dirs-sys v0.4.1
       Fresh clap_builder v4.6.2
       Fresh hyper-rustls v0.27.9
       Fresh rustix v0.38.44
       Fresh zbus-secret-service-keyring-store v1.0.0
       Fresh password-hash v0.5.0
       Fresh tower-http v0.6.11
       Fresh ratatui-crossterm v0.1.2
       Fresh ratatui-macros v0.7.2
       Fresh ghash v0.5.1
       Fresh getrandom v0.4.3
       Fresh serde_urlencoded v0.7.1
       Fresh http-body-util v0.1.4
       Fresh ctr v0.9.2
       Fresh clap_derive v4.6.4
       Fresh blake2 v0.10.6
       Fresh futures-executor v0.3.33
       Fresh aead v0.5.2
       Fresh rtoolbox v0.0.5
       Fresh thiserror-impl v1.0.69
       Fresh clap v4.6.4
       Fresh ratatui v0.30.2
       Fresh reqwest v0.12.28
       Fresh tempfile v3.27.0
       Fresh argon2 v0.5.3
       Fresh thiserror v1.0.69
       Fresh rpassword v7.5.4
       Fresh aes-gcm v0.10.3
       Fresh futures v0.3.33
       Fresh crossterm v0.28.1
       Fresh anyhow v1.0.104
       Fresh keyring v4.1.5
       Fresh directories v5.0.1
       Fresh secrecy v0.8.0
       Dirty simon v0.1.0 (/tmp/cargo-mutants-multichat-Fcj8lg.tmp): the file `src/config.rs` has changed (1787693039.836929250s, 37s after last build at 1787693002.366006738s)
   Compiling simon v0.1.0 (/tmp/cargo-mutants-multichat-Fcj8lg.tmp)
     Running `/home/main/.rustup/toolchains/stable-x86_64-unknown-linux-gnu/bin/rustc --crate-name simon --edition=2024 src/main.rs --error-format=json --json=diagnostic-rendered-ansi,artifacts,future-incompat --emit=dep-info,link -C embed-bitcode=no -C debuginfo=2 --test --check-cfg 'cfg(docsrs,test)' --check-cfg 'cfg(feature, values())' -C metadata=78b184f4fb3a771d -C extra-filename=-7795217b6e2ed6e7 --out-dir /tmp/cargo-mutants-multichat-Fcj8lg.tmp/target/debug/deps -C incremental=/tmp/cargo-mutants-multichat-Fcj8lg.tmp/target/debug/incremental -L dependency=/tmp/cargo-mutants-multichat-Fcj8lg.tmp/target/debug/deps --extern aes_gcm=/tmp/cargo-mutants-multichat-Fcj8lg.tmp/target/debug/deps/libaes_gcm-f335bede49f853b9.rlib --extern anyhow=/tmp/cargo-mutants-multichat-Fcj8lg.tmp/target/debug/deps/libanyhow-57cee97fa7b587ba.rlib --extern argon2=/tmp/cargo-mutants-multichat-Fcj8lg.tmp/target/debug/deps/libargon2-8f8ce6ed53f6ceac.rlib --extern async_trait=/tmp/cargo-mutants-multichat-Fcj8lg.tmp/target/debug/deps/libasync_trait-c3f9163945bedb28.so --extern blake2=/tmp/cargo-mutants-multichat-Fcj8lg.tmp/target/debug/deps/libblake2-618eb056daa0a38e.rlib --extern clap=/tmp/cargo-mutants-multichat-Fcj8lg.tmp/target/debug/deps/libclap-aa8b4cdf23917f7d.rlib --extern crossterm=/tmp/cargo-mutants-multichat-Fcj8lg.tmp/target/debug/deps/libcrossterm-327460f45f832ac1.rlib --extern directories=/tmp/cargo-mutants-multichat-Fcj8lg.tmp/target/debug/deps/libdirectories-e5acf5a7759a1b73.rlib --extern futures=/tmp/cargo-mutants-multichat-Fcj8lg.tmp/target/debug/deps/libfutures-f081eab5c56e3083.rlib --extern keyring=/tmp/cargo-mutants-multichat-Fcj8lg.tmp/target/debug/deps/libkeyring-46f223e14e23cd86.rlib --extern libc=/tmp/cargo-mutants-multichat-Fcj8lg.tmp/target/debug/deps/liblibc-fbf8bc28fcf89111.rlib --extern ratatui=/tmp/cargo-mutants-multichat-Fcj8lg.tmp/target/debug/deps/libratatui-7628b99f622e56f1.rlib --extern reqwest=/tmp/cargo-mutants-multichat-Fcj8lg.tmp/target/debug/deps/libreqwest-5640628954eda55e.rlib --extern rpassword=/tmp/cargo-mutants-multichat-Fcj8lg.tmp/target/debug/deps/librpassword-5ab400fc488e4aa0.rlib --extern secrecy=/tmp/cargo-mutants-multichat-Fcj8lg.tmp/target/debug/deps/libsecrecy-f8d3b24290a53e97.rlib --extern serde=/tmp/cargo-mutants-multichat-Fcj8lg.tmp/target/debug/deps/libserde-0d2627649dc18500.rlib --extern serde_json=/tmp/cargo-mutants-multichat-Fcj8lg.tmp/target/debug/deps/libserde_json-854907e84dcf4285.rlib --extern tempfile=/tmp/cargo-mutants-multichat-Fcj8lg.tmp/target/debug/deps/libtempfile-084a11fca9cf3a39.rlib --extern thiserror=/tmp/cargo-mutants-multichat-Fcj8lg.tmp/target/debug/deps/libthiserror-be513cd82d92f8bf.rlib --extern tokio=/tmp/cargo-mutants-multichat-Fcj8lg.tmp/target/debug/deps/libtokio-a13b8644879a52fd.rlib --extern zeroize=/tmp/cargo-mutants-multichat-Fcj8lg.tmp/target/debug/deps/libzeroize-00eb3ecdb339f369.rlib -L native=/tmp/cargo-mutants-multichat-Fcj8lg.tmp/target/debug/build/ring-ee84834d7222633d/out`
error[E0277]: the trait bound `keyring::Entry: std::default::Default` is not satisfied
   --> src/config.rs:286:12
    |
286 |         Ok(Default::default()) /* ~ changed by cargo-mutants ~ */
    |            ^^^^^^^^^^^^^^^^^^ the trait `std::default::Default` is not implemented for `keyring::Entry`

For more information about this error, try `rustc --explain E0277`.
error: could not compile `simon` (bin "simon" test) due to 1 previous error

Caused by:
  process didn't exit successfully: `/home/main/.rustup/toolchains/stable-x86_64-unknown-linux-gnu/bin/rustc --crate-name simon --edition=2024 src/main.rs --error-format=json --json=diagnostic-rendered-ansi,artifacts,future-incompat --emit=dep-info,link -C embed-bitcode=no -C debuginfo=2 --test --check-cfg 'cfg(docsrs,test)' --check-cfg 'cfg(feature, values())' -C metadata=78b184f4fb3a771d -C extra-filename=-7795217b6e2ed6e7 --out-dir /tmp/cargo-mutants-multichat-Fcj8lg.tmp/target/debug/deps -C incremental=/tmp/cargo-mutants-multichat-Fcj8lg.tmp/target/debug/incremental -L dependency=/tmp/cargo-mutants-multichat-Fcj8lg.tmp/target/debug/deps --extern aes_gcm=/tmp/cargo-mutants-multichat-Fcj8lg.tmp/target/debug/deps/libaes_gcm-f335bede49f853b9.rlib --extern anyhow=/tmp/cargo-mutants-multichat-Fcj8lg.tmp/target/debug/deps/libanyhow-57cee97fa7b587ba.rlib --extern argon2=/tmp/cargo-mutants-multichat-Fcj8lg.tmp/target/debug/deps/libargon2-8f8ce6ed53f6ceac.rlib --extern async_trait=/tmp/cargo-mutants-multichat-Fcj8lg.tmp/target/debug/deps/libasync_trait-c3f9163945bedb28.so --extern blake2=/tmp/cargo-mutants-multichat-Fcj8lg.tmp/target/debug/deps/libblake2-618eb056daa0a38e.rlib --extern clap=/tmp/cargo-mutants-multichat-Fcj8lg.tmp/target/debug/deps/libclap-aa8b4cdf23917f7d.rlib --extern crossterm=/tmp/cargo-mutants-multichat-Fcj8lg.tmp/target/debug/deps/libcrossterm-327460f45f832ac1.rlib --extern directories=/tmp/cargo-mutants-multichat-Fcj8lg.tmp/target/debug/deps/libdirectories-e5acf5a7759a1b73.rlib --extern futures=/tmp/cargo-mutants-multichat-Fcj8lg.tmp/target/debug/deps/libfutures-f081eab5c56e3083.rlib --extern keyring=/tmp/cargo-mutants-multichat-Fcj8lg.tmp/target/debug/deps/libkeyring-46f223e14e23cd86.rlib --extern libc=/tmp/cargo-mutants-multichat-Fcj8lg.tmp/target/debug/deps/liblibc-fbf8bc28fcf89111.rlib --extern ratatui=/tmp/cargo-mutants-multichat-Fcj8lg.tmp/target/debug/deps/libratatui-7628b99f622e56f1.rlib --extern reqwest=/tmp/cargo-mutants-multichat-Fcj8lg.tmp/target/debug/deps/libreqwest-5640628954eda55e.rlib --extern rpassword=/tmp/cargo-mutants-multichat-Fcj8lg.tmp/target/debug/deps/librpassword-5ab400fc488e4aa0.rlib --extern secrecy=/tmp/cargo-mutants-multichat-Fcj8lg.tmp/target/debug/deps/libsecrecy-f8d3b24290a53e97.rlib --extern serde=/tmp/cargo-mutants-multichat-Fcj8lg.tmp/target/debug/deps/libserde-0d2627649dc18500.rlib --extern serde_json=/tmp/cargo-mutants-multichat-Fcj8lg.tmp/target/debug/deps/libserde_json-854907e84dcf4285.rlib --extern tempfile=/tmp/cargo-mutants-multichat-Fcj8lg.tmp/target/debug/deps/libtempfile-084a11fca9cf3a39.rlib --extern thiserror=/tmp/cargo-mutants-multichat-Fcj8lg.tmp/target/debug/deps/libthiserror-be513cd82d92f8bf.rlib --extern tokio=/tmp/cargo-mutants-multichat-Fcj8lg.tmp/target/debug/deps/libtokio-a13b8644879a52fd.rlib --extern zeroize=/tmp/cargo-mutants-multichat-Fcj8lg.tmp/target/debug/deps/libzeroize-00eb3ecdb339f369.rlib -L native=/tmp/cargo-mutants-multichat-Fcj8lg.tmp/target/debug/build/ring-ee84834d7222633d/out` (exit status: 1)

*** result: Failure(101)
